{
  "version": "1.5.0",
  "plugins_used": [
    {
      "name": "ArtifactoryDetector"
    },
    {
      "name": "AWSKeyDetector"
    },
    {
      "name": "AzureStorageKeyDetector"
    },
    {
      "name": "Base64HighEntropyString",
      "limit": 4.5
    },
    {
      "name": "BasicAuthDetector"
    },
    {
      "name": "CloudantDetector"
    },
    {
      "name": "DiscordBotTokenDetector"
    },
    {
      "name": "GitHubTokenDetector"
    },
    {
      "name": "GitLabTokenDetector"
    },
    {
      "name": "HexHighEntropyString",
      "limit": 3.0
    },
    {
      "name": "IbmCloudIamDetector"
    },
    {
      "name": "IbmCosHmacDetector"
    },
    {
      "name": "IPPublicDetector"
    },
    {
      "name": "JwtTokenDetector"
    },
    {
      "name": "KeywordDetector",
      "keyword_exclude": ""
    },
    {
      "name": "MailchimpDetector"
    },
    {
      "name": "NpmDetector"
    },
    {
      "name": "OpenAIDetector"
    },
    {
      "name": "PrivateKeyDetector"
    },
    {
      "name": "PypiTokenDetector"
    },
    {
      "name": "SendGridDetector"
    },
    {
      "name": "SlackDetector"
    },
    {
      "name": "SoftlayerDetector"
    },
    {
      "name": "SquareOAuthDetector"
    },
    {
      "name": "StripeDetector"
    },
    {
      "name": "TelegramBotTokenDetector"
    },
    {
      "name": "TwilioKeyDetector"
    }
  ],
  "filters_used": [
    {
      "path": "detect_secrets.filters.allowlist.is_line_allowlisted"
    },
    {
      "path": "detect_secrets.filters.common.is_baseline_file",
      "filename": ".secrets.baseline"
    },
    {
      "path": "detect_secrets.filters.common.is_ignored_due_to_verification_policies",
      "min_level": 2
    },
    {
      "path": "detect_secrets.filters.heuristic.is_indirect_reference"
    },
    {
      "path": "detect_secrets.filters.heuristic.is_likely_id_string"
    },
    {
      "path": "detect_secrets.filters.heuristic.is_lock_file"
    },
    {
      "path": "detect_secrets.filters.heuristic.is_not_alphanumeric_string"
    },
    {
      "path": "detect_secrets.filters.heuristic.is_potential_uuid"
    },
    {
      "path": "detect_secrets.filters.heuristic.is_prefixed_with_dollar_sign"
    },
    {
      "path": "detect_secrets.filters.heuristic.is_sequential_string"
    },
    {
      "path": "detect_secrets.filters.heuristic.is_swagger_file"
    },
    {
      "path": "detect_secrets.filters.heuristic.is_templated_secret"
    }
  ],
  "results": {
    "fixtures/findings-mapping.json": [
      {
        "type": "Private Key",
        "filename": "fixtures/findings-mapping.json",
        "hashed_secret": "be4fc4886bd949b369d5e092eb87494f12e57e5b",
        "is_verified": false,
        "line_number": 23,
        "is_secret": false
      },
      {
        "type": "Base64 High Entropy String",
        "filename": "fixtures/findings-mapping.json",
        "hashed_secret": "d70eab08607a4d05faa2d0d6647206599e9abc65",
        "is_verified": false,
        "line_number": 51,
        "is_secret": false
      },
      {
        "type": "AWS Access Key",
        "filename": "fixtures/findings-mapping.json",
        "hashed_secret": "25910f981e85ca04baf359199dd0bd4a3ae738b6",
        "is_verified": false,
        "line_number": 107,
        "is_secret": false
      },
      {
        "type": "JSON Web Token",
        "filename": "fixtures/findings-mapping.json",
        "hashed_secret": "d6b66ddd9ea7dbe760114bfe9a97352a5e139134",
        "is_verified": false,
        "line_number": 214,
        "is_secret": false
      },
      {
        "type": "Hex High Entropy String",
        "filename": "fixtures/findings-mapping.json",
        "hashed_secret": "bd27f490c3b0b1522533339da74ccf9eefc72816",
        "is_verified": false,
        "line_number": 241,
        "is_secret": false
      },
      {
        "type": "Base64 High Entropy String",
        "filename": "fixtures/findings-mapping.json",
        "hashed_secret": "4697171976ec8009259c418772cbcf4d5149a688",
        "is_verified": false,
        "line_number": 293,
        "is_secret": false
      },
      {
        "type": "Base64 High Entropy String",
        "filename": "fixtures/findings-mapping.json",
        "hashed_secret": "8b22de4d3c20fb97fe5076c351cabd1afcf0c9f9",
        "is_verified": false,
        "line_number": 318,
        "is_secret": false
      },
      {
        "type": "Hex High Entropy String",
        "filename": "fixtures/findings-mapping.json",
        "hashed_secret": "8ee890f6d27197fff7e84647ce06290699d09812",
        "is_verified": false,
        "line_number": 528,
        "is_secret": false
      },
      {
        "type": "Hex High Entropy String",
        "filename": "fixtures/findings-mapping.json",
        "hashed_secret": "5b19bd5da31f8b39c711da7897f2d3c1c4ca320b",
        "is_verified": false,
        "line_number": 593,
        "is_secret": false
      },
      {
        "type": "Hex High Entropy String",
        "filename": "fixtures/findings-mapping.json",
        "hashed_secret": "2b8b06aca04dc17c803c863fb8579b8a60df3849",
        "is_verified": false,
        "line_number": 921,
        "is_secret": false
      },
      {
        "type": "Hex High Entropy String",
        "filename": "fixtures/findings-mapping.json",
        "hashed_secret": "36cf50906190a6bbf70697fc93d85b058d765891",
        "is_verified": false,
        "line_number": 1115,
        "is_secret": false
      },
      {
        "type": "Hex High Entropy String",
        "filename": "fixtures/findings-mapping.json",
        "hashed_secret": "55c36e8cb46ab2e0b6db5db61fa8895c8125bbcb",
        "is_verified": false,
        "line_number": 1176,
        "is_secret": false
      },
      {
        "type": "Hex High Entropy String",
        "filename": "fixtures/findings-mapping.json",
        "hashed_secret": "64ecc2bb2db977d655d07650e2e0c71e9b7a5a26",
        "is_verified": false,
        "line_number": 1215,
        "is_secret": false
      },
      {
        "type": "Hex High Entropy String",
        "filename": "fixtures/findings-mapping.json",
        "hashed_secret": "e80697cd8526ecc097b54fa62ffe737aa4022e0d",
        "is_verified": false,
        "line_number": 1272,
        "is_secret": false
      },
      {
        "type": "Hex High Entropy String",
        "filename": "fixtures/findings-mapping.json",
        "hashed_secret": "e59b3f0b2f05065083e89e656eecef888d714775",
        "is_verified": false,
        "line_number": 1549,
        "is_secret": false
      },
      {
        "type": "Hex High Entropy String",
        "filename": "fixtures/findings-mapping.json",
        "hashed_secret": "f3e0d184814b86dc1c4eb623edde7610cf212567",
        "is_verified": false,
        "line_number": 1830,
        "is_secret": false
      },
      {
        "type": "Hex High Entropy String",
        "filename": "fixtures/findings-mapping.json",
        "hashed_secret": "12d0761cf568fcad5d4f4424510e81319a89b5cf",
        "is_verified": false,
        "line_number": 1851,
        "is_secret": false
      }
    ],
    "sample_data/aws_data.txt": [
      {
        "type": "Private Key",
        "filename": "sample_data/aws_data.txt",
        "hashed_secret": "27c6929aef41ae2bcadac15ca6abcaff72cda9cd",
        "is_verified": false,
        "line_number": 151,
        "is_secret": false
      }
    ],
    "src/scanners/aws/rds.py": [
      {
        "type": "Secret Keyword",
        "filename": "src/scanners/aws/rds.py",
        "hashed_secret": "3c342e7cc23d90ad2c0193c561b80e87ae763fd0",
        "is_verified": false,
        "line_number": 27,
        "is_secret": false
      }
    ],
    "tests/test_engine.py": [
      {
        "type": "Secret Keyword",
        "filename": "tests/test_engine.py",
        "hashed_secret": "375acd53569a434268a1a0301448340ada728ddb",
        "is_verified": false,
        "line_number": 46,
        "is_secret": false
      },
      {
        "type": "Secret Keyword",
        "filename": "tests/test_engine.py",
        "hashed_secret": "7956daec4e8660a48fcf378061289686df7c3b49",
        "is_verified": false,
        "line_number": 47,
        "is_secret": false
      },
      {
        "type": "JSON Web Token",
        "filename": "tests/test_engine.py",
        "hashed_secret": "d6b66ddd9ea7dbe760114bfe9a97352a5e139134",
        "is_verified": false,
        "line_number": 49,
        "is_secret": false
      },
      {
        "type": "Base64 High Entropy String",
        "filename": "tests/test_engine.py",
        "hashed_secret": "d70eab08607a4d05faa2d0d6647206599e9abc65",
        "is_verified": false,
        "line_number": 51,
        "is_secret": false
      },
      {
        "type": "Secret Keyword",
        "filename": "tests/test_engine.py",
        "hashed_secret": "d70eab08607a4d05faa2d0d6647206599e9abc65",
        "is_verified": false,
        "line_number": 51,
        "is_secret": false
      },
      {
        "type": "Private Key",
        "filename": "tests/test_engine.py",
        "hashed_secret": "be4fc4886bd949b369d5e092eb87494f12e57e5b",
        "is_verified": false,
        "line_number": 52,
        "is_secret": false
      },
      {
        "type": "Private Key",
        "filename": "tests/test_engine.py",
        "hashed_secret": "27c6929aef41ae2bcadac15ca6abcaff72cda9cd",
        "is_verified": false,
        "line_number": 144,
        "is_secret": false
      }
    ],
    "tests/test_scanners.py": [
      {
        "type": "Secret Keyword",
        "filename": "tests/test_scanners.py",
        "hashed_secret": "1a10fe879378eb96759439861eeab36fa766d783",
        "is_verified": false,
        "line_number": 59,
        "is_secret": false
      },
      {
        "type": "Secret Keyword",
        "filename": "tests/test_scanners.py",
        "hashed_secret": "37fa265330ad83eaa879efb1e2db6380896cf639",
        "is_verified": false,
        "line_number": 74,
        "is_secret": false
      },
      {
        "type": "AWS Access Key",
        "filename": "tests/test_scanners.py",
        "hashed_secret": "1d5bc0e7232d07b336f4d35db4c0200142962f4a",
        "is_verified": false,
        "line_number": 153,
        "is_secret": false
      },
      {
        "type": "AWS Access Key",
        "filename": "tests/test_scanners.py",
        "hashed_secret": "837c46b6484877f4a80906be7eb2fc2a4bcd91f4",
        "is_verified": false,
        "line_number": 153,
        "is_secret": false
      }
    ]
  },
  "generated_at": "2026-08-27T13:55:11Z"
}
